21:30:45 **** Incremental Build of configuration Debug for project STM32_Extruder ****
make -j4 all 
Building file: ../src/modbus.c
Invoking: MCU GCC Compiler
D:\GIT\GitHub\STM32_Extruder\STM32_Extruder\Debug
arm-none-eabi-gcc -mcpu=cortex-m3 -mthumb -mfloat-abi=soft -DSTM32 -DSTM32F1 -DSTM32F103C8Tx -DDEBUG -DSTM32F10X_MD -DUSE_STDPERIPH_DRIVER -I"D:/GIT/GitHub/STM32_Extruder/STM32_Extruder/StdPeriph_Driver/inc" -I"D:/GIT/GitHub/STM32_Extruder/STM32_Extruder/inc" -I"D:/GIT/GitHub/STM32_Extruder/STM32_Extruder/CMSIS/device" -I"D:/GIT/GitHub/STM32_Extruder/STM32_Extruder/CMSIS/core" -O0 -g3 -Wall -fmessage-length=0 -ffunction-sections -c -MMD -MP -MF"src/modbus.d" -MT"src/modbus.o" -o "src/modbus.o" "../src/modbus.c"
Finished building: ../src/modbus.c
 
Building target: STM32_Extruder.elf
Invoking: MCU GCC Linker
arm-none-eabi-gcc -mcpu=cortex-m3 -mthumb -mfloat-abi=soft -T"D:/GIT/GitHub/STM32_Extruder/STM32_Extruder/LinkerScript.ld" -Wl,-Map=output.map -Wl,--gc-sections -o "STM32_Extruder.elf" @"objects.list"   -lm
Finished building target: STM32_Extruder.elf
 
make --no-print-directory post-build
Generating binary and Printing size information:
arm-none-eabi-objcopy -O binary "STM32_Extruder.elf" "STM32_Extruder.bin"
arm-none-eabi-size "STM32_Extruder.elf"
   text	   data	    bss	    dec	    hex	filename
   6868	   1304	   3764	  11936	   2ea0	STM32_Extruder.elf
 
21:31:18 **** Incremental Build of configuration Debug for project STM32_Extruder ****
make -j4 all 
make: Nothing to be done for 'all'.
