19:35:48 **** Incremental Build of configuration Debug for project STM32_Extruder ****
make -j4 all 
Building file: ../src/main.c
Building file: ../src/pwm.c
Invoking: MCU GCC Compiler
Invoking: MCU GCC Compiler
D:\GIT\GitHub\STM32_Extruder\STM32_Extruder\Debug
arm-none-eabi-gcc -mcpu=cortex-m3 -mthumb -mfloat-abi=soft -DSTM32 -DSTM32F1 -DSTM32F103C8Tx -DDEBUG -DSTM32F10X_MD -DUSE_STDPERIPH_DRIVER -I"D:/GIT/GitHub/STM32_Extruder/STM32_Extruder/StdPeriph_Driver/inc" -I"D:/GIT/GitHub/STM32_Extruder/STM32_Extruder/inc" -I"D:/GIT/GitHub/STM32_Extruder/STM32_Extruder/CMSIS/device" -I"D:/GIT/GitHub/STM32_Extruder/STM32_Extruder/CMSIS/core" -O0 -g3 -Wall -fmessage-length=0 -ffunction-sections -c -MMD -MP -MF"src/main.d" -MT"src/main.o" -o "src/main.o" "../src/main.c"
D:\GIT\GitHub\STM32_Extruder\STM32_Extruder\Debug
arm-none-eabi-gcc -mcpu=cortex-m3 -mthumb -mfloat-abi=soft -DSTM32 -DSTM32F1 -DSTM32F103C8Tx -DDEBUG -DSTM32F10X_MD -DUSE_STDPERIPH_DRIVER -I"D:/GIT/GitHub/STM32_Extruder/STM32_Extruder/StdPeriph_Driver/inc" -I"D:/GIT/GitHub/STM32_Extruder/STM32_Extruder/inc" -I"D:/GIT/GitHub/STM32_Extruder/STM32_Extruder/CMSIS/device" -I"D:/GIT/GitHub/STM32_Extruder/STM32_Extruder/CMSIS/core" -O0 -g3 -Wall -fmessage-length=0 -ffunction-sections -c -MMD -MP -MF"src/pwm.d" -MT"src/pwm.o" -o "src/pwm.o" "../src/pwm.c"
../src/pwm.c: In function 'TIM3_IRQHandler':
../src/pwm.c:45:5: warning: implicit declaration of function 'relay_2' [-Wimplicit-function-declaration]
     relay_2(on);
     ^~~~~~~
Finished building: ../src/main.c
 
Finished building: ../src/pwm.c
 
Building target: STM32_Extruder.elf
Invoking: MCU GCC Linker
arm-none-eabi-gcc -mcpu=cortex-m3 -mthumb -mfloat-abi=soft -T"D:/GIT/GitHub/STM32_Extruder/STM32_Extruder/LinkerScript.ld" -Wl,-Map=output.map -Wl,--gc-sections -o "STM32_Extruder.elf" @"objects.list"   -lm
Finished building target: STM32_Extruder.elf
 
make --no-print-directory post-build
Generating binary and Printing size information:
arm-none-eabi-objcopy -O binary "STM32_Extruder.elf" "STM32_Extruder.bin"
arm-none-eabi-size "STM32_Extruder.elf"
   text	   data	    bss	    dec	    hex	filename
   6576	   1304	   3748	  11628	   2d6c	STM32_Extruder.elf
 

19:35:50 Build Finished (took 1s.805ms)

